MPLINK 5.09, LINKER
Linker Map File - Created Wed Sep 06 10:37:26 2023

                                 Section Info
                  Section       Type    Address   Location Size(Bytes)
                ---------  ---------  ---------  ---------  ---------
                   .org_0       code   0x000000    program   0x00005e
                   .cinit    romdata   0x00002f    program   0x000004
.config_2007_BUILD/DEFAULT/PRODUCTION/SECUENC       code   0x002007    program   0x000002
.config_2008_BUILD/DEFAULT/PRODUCTION/SECUENC       code   0x002008    program   0x000002



                              Program Memory Usage 
                               Start         End      
                           ---------   ---------      
                            0x000000    0x000030      
                            0x002007    0x002008      
            51 out of 8455 program addresses used, program memory utilization is 0%



                              Symbols - Sorted by Name
                     Name    Address   Location    Storage File                     
                ---------  ---------  ---------  --------- ---------                
                  ENC_LED   0x000011    program     static C:\Users\KADDEX\Desktop\Universidad\5semestre\trabajos\microcontroladores\practica.X\secuencia_led2.asm
                   INICIO   0x000001    program     static C:\Users\KADDEX\Desktop\Universidad\5semestre\trabajos\microcontroladores\practica.X\secuencia_led2.asm
                    REP_1   0x00001e    program     static C:\Users\KADDEX\Desktop\Universidad\5semestre\trabajos\microcontroladores\practica.X\secuencia_led2.asm
                    REP_2   0x000020    program     static C:\Users\KADDEX\Desktop\Universidad\5semestre\trabajos\microcontroladores\practica.X\secuencia_led2.asm
                  RETARDO   0x00001c    program     static C:\Users\KADDEX\Desktop\Universidad\5semestre\trabajos\microcontroladores\practica.X\secuencia_led2.asm
               SECUENCIA2   0x000016    program     static C:\Users\KADDEX\Desktop\Universidad\5semestre\trabajos\microcontroladores\practica.X\secuencia_led2.asm
               SEC_LOOKUP   0x000025    program     static C:\Users\KADDEX\Desktop\Universidad\5semestre\trabajos\microcontroladores\practica.X\secuencia_led2.asm



                              Symbols - Sorted by Address
                     Name    Address   Location    Storage File                     
                ---------  ---------  ---------  --------- ---------                
                   INICIO   0x000001    program     static C:\Users\KADDEX\Desktop\Universidad\5semestre\trabajos\microcontroladores\practica.X\secuencia_led2.asm
                  ENC_LED   0x000011    program     static C:\Users\KADDEX\Desktop\Universidad\5semestre\trabajos\microcontroladores\practica.X\secuencia_led2.asm
               SECUENCIA2   0x000016    program     static C:\Users\KADDEX\Desktop\Universidad\5semestre\trabajos\microcontroladores\practica.X\secuencia_led2.asm
                  RETARDO   0x00001c    program     static C:\Users\KADDEX\Desktop\Universidad\5semestre\trabajos\microcontroladores\practica.X\secuencia_led2.asm
                    REP_1   0x00001e    program     static C:\Users\KADDEX\Desktop\Universidad\5semestre\trabajos\microcontroladores\practica.X\secuencia_led2.asm
                    REP_2   0x000020    program     static C:\Users\KADDEX\Desktop\Universidad\5semestre\trabajos\microcontroladores\practica.X\secuencia_led2.asm
               SEC_LOOKUP   0x000025    program     static C:\Users\KADDEX\Desktop\Universidad\5semestre\trabajos\microcontroladores\practica.X\secuencia_led2.asm


